0 verbose cli /data/data/com.termux/files/usr/bin/node /data/data/com.termux/files/usr/bin/npm
1 info using npm@11.19.0
2 info using node@v26.4.0
3 silly config load:file:/data/data/com.termux/files/usr/lib/node_modules/npm/npmrc
4 silly config load:file:/data/data/com.termux/files/home/messenger-bot-modular/.npmrc
5 silly config load:file:/data/data/com.termux/files/home/.npmrc
6 silly config load:file:/data/data/com.termux/files/usr/etc/npmrc
7 verbose title npm init
8 verbose argv "init" "--yes"
9 verbose logfile logs-max:10 dir:/data/data/com.termux/files/home/.npm/_logs/2026-08-09T06_39_42_312Z-
10 verbose logfile /data/data/com.termux/files/home/.npm/_logs/2026-08-09T06_39_42_312Z-debug-0.log
11 silly logfile done cleaning log files
12 silly package data {
12 silly package data   name: 'messenger-bot-modular',
12 silly package data   version: '1.0.0',
12 silly package data   description: '',
12 silly package data   main: 'server.js',
12 silly package data   scripts: { start: 'node server.js' },
12 silly package data   keywords: [],
12 silly package data   author: '',
12 silly package data   license: 'ISC',
12 silly package data   type: 'module',
12 silly package data   repository: {
12 silly package data     type: 'git',
12 silly package data     url: 'git+https://github.com/AllensCreations/PagesHeNeverSent.git'
12 silly package data   },
12 silly package data   bugs: { url: 'https://github.com/AllensCreations/PagesHeNeverSent/issues' },
12 silly package data   homepage: 'https://github.com/AllensCreations/PagesHeNeverSent#readme',
12 silly package data   Symbol(newline): '\n',
12 silly package data   Symbol(indent): '  '
12 silly package data }
13 verbose cwd /data/data/com.termux/files/home/messenger-bot-modular
14 verbose os Linux 5.10.43
15 verbose node v26.4.0
16 verbose npm  v11.19.0
17 verbose exit 0
18 info ok
